2026-07-18T16:15:23.930+06:00  INFO 23132 --- [Hello_Spring_Boot_7_12_26] [restartedMain] c.s.h.HelloSpringBootApplication         : Starting HelloSpringBootApplication using Java 26.0.1 with PID 23132 (C:\Users\omor azizul\Desktop\Advanced Java\Hello_Spring_Boot_7_12_26\target\classes started by omor azizul in C:\Users\omor azizul\Desktop\Advanced Java\Hello_Spring_Boot_7_12_26)
2026-07-18T16:15:23.940+06:00  INFO 23132 --- [Hello_Spring_Boot_7_12_26] [restartedMain] c.s.h.HelloSpringBootApplication         : No active profile set, falling back to 1 default profile: "default"
2026-07-18T16:15:24.021+06:00  INFO 23132 --- [Hello_Spring_Boot_7_12_26] [restartedMain] .e.DevToolsPropertyDefaultsPostProcessor : Devtools property defaults active! Set 'spring.devtools.add-properties' to 'false' to disable
2026-07-18T16:15:24.022+06:00  INFO 23132 --- [Hello_Spring_Boot_7_12_26] [restartedMain] .e.DevToolsPropertyDefaultsPostProcessor : For additional web related logging consider setting the 'logging.level.web' property to 'DEBUG'
2026-07-18T16:15:25.078+06:00  INFO 23132 --- [Hello_Spring_Boot_7_12_26] [restartedMain] o.s.boot.tomcat.TomcatWebServer          : Tomcat initialized with port 8080 (http)
2026-07-18T16:15:25.091+06:00  INFO 23132 --- [Hello_Spring_Boot_7_12_26] [restartedMain] o.apache.catalina.core.StandardService   : Starting service [Tomcat]
2026-07-18T16:15:25.092+06:00  INFO 23132 --- [Hello_Spring_Boot_7_12_26] [restartedMain] o.apache.catalina.core.StandardEngine    : Starting Servlet engine: [Apache Tomcat/11.0.22]
2026-07-18T16:15:25.129+06:00  INFO 23132 --- [Hello_Spring_Boot_7_12_26] [restartedMain] b.w.c.s.WebApplicationContextInitializer : Root WebApplicationContext: initialization completed in 1106 ms
2026-07-18T16:15:25.227+06:00  INFO 23132 --- [Hello_Spring_Boot_7_12_26] [restartedMain] o.s.b.w.a.WelcomePageHandlerMapping      : Adding welcome page: class path resource [static/index.html]
2026-07-18T16:15:25.493+06:00  INFO 23132 --- [Hello_Spring_Boot_7_12_26] [restartedMain] o.s.boot.tomcat.TomcatWebServer          : Tomcat started on port 8080 (http) with context path '/'
2026-07-18T16:15:25.499+06:00  INFO 23132 --- [Hello_Spring_Boot_7_12_26] [restartedMain] c.s.h.HelloSpringBootApplication         : Started HelloSpringBootApplication in 2.225 seconds (process running for 3.402)
2026-07-18T16:15:45.371+06:00  INFO 23132 --- [Hello_Spring_Boot_7_12_26] [File Watcher] rtingClassPathChangeChangedEventListener : Restarting due to 6 class path changes (0 additions, 5 deletions, 1 modification)
2026-07-18T16:15:45.376+06:00  INFO 23132 --- [Hello_Spring_Boot_7_12_26] [Thread-1] o.s.boot.tomcat.GracefulShutdown         : Commencing graceful shutdown. Waiting for active requests to complete
2026-07-18T16:15:45.383+06:00  INFO 23132 --- [Hello_Spring_Boot_7_12_26] [tomcat-shutdown] o.s.boot.tomcat.GracefulShutdown         : Graceful shutdown complete
2026-07-18T16:15:45.490+06:00  INFO 23132 --- [Hello_Spring_Boot_7_12_26] [restartedMain] c.s.h.HelloSpringBootApplication         : Starting HelloSpringBootApplication using Java 26.0.1 with PID 23132 (C:\Users\omor azizul\Desktop\Advanced Java\Hello_Spring_Boot_7_12_26\target\classes started by omor azizul in C:\Users\omor azizul\Desktop\Advanced Java\Hello_Spring_Boot_7_12_26)
2026-07-18T16:15:45.491+06:00  INFO 23132 --- [Hello_Spring_Boot_7_12_26] [restartedMain] c.s.h.HelloSpringBootApplication         : No active profile set, falling back to 1 default profile: "default"
2026-07-18T16:15:45.743+06:00  INFO 23132 --- [Hello_Spring_Boot_7_12_26] [restartedMain] o.s.boot.tomcat.TomcatWebServer          : Tomcat initialized with port 8080 (http)
2026-07-18T16:15:45.744+06:00  INFO 23132 --- [Hello_Spring_Boot_7_12_26] [restartedMain] o.apache.catalina.core.StandardService   : Starting service [Tomcat]
2026-07-18T16:15:45.745+06:00  INFO 23132 --- [Hello_Spring_Boot_7_12_26] [restartedMain] o.apache.catalina.core.StandardEngine    : Starting Servlet engine: [Apache Tomcat/11.0.22]
2026-07-18T16:15:45.771+06:00  INFO 23132 --- [Hello_Spring_Boot_7_12_26] [restartedMain] b.w.c.s.WebApplicationContextInitializer : Root WebApplicationContext: initialization completed in 277 ms
2026-07-18T16:15:45.793+06:00  INFO 23132 --- [Hello_Spring_Boot_7_12_26] [restartedMain] o.s.b.w.a.WelcomePageHandlerMapping      : Adding welcome page: class path resource [static/index.html]
2026-07-18T16:15:45.853+06:00  INFO 23132 --- [Hello_Spring_Boot_7_12_26] [restartedMain] o.s.boot.tomcat.TomcatWebServer          : Tomcat started on port 8080 (http) with context path '/'
2026-07-18T16:15:45.856+06:00  INFO 23132 --- [Hello_Spring_Boot_7_12_26] [restartedMain] c.s.h.HelloSpringBootApplication         : Started HelloSpringBootApplication in 0.405 seconds (process running for 23.759)
2026-07-18T16:15:45.858+06:00  INFO 23132 --- [Hello_Spring_Boot_7_12_26] [restartedMain] .ConditionEvaluationDeltaLoggingListener : Condition evaluation unchanged
2026-07-18T16:15:48.257+06:00  INFO 23132 --- [Hello_Spring_Boot_7_12_26] [File Watcher] rtingClassPathChangeChangedEventListener : Restarting due to 5 class path changes (5 additions, 0 deletions, 0 modifications)
2026-07-18T16:15:48.258+06:00  INFO 23132 --- [Hello_Spring_Boot_7_12_26] [Thread-5] o.s.boot.tomcat.GracefulShutdown         : Commencing graceful shutdown. Waiting for active requests to complete
2026-07-18T16:15:48.264+06:00  INFO 23132 --- [Hello_Spring_Boot_7_12_26] [tomcat-shutdown] o.s.boot.tomcat.GracefulShutdown         : Graceful shutdown complete
2026-07-18T16:15:48.330+06:00  INFO 23132 --- [Hello_Spring_Boot_7_12_26] [restartedMain] c.s.h.HelloSpringBootApplication         : Starting HelloSpringBootApplication using Java 26.0.1 with PID 23132 (C:\Users\omor azizul\Desktop\Advanced Java\Hello_Spring_Boot_7_12_26\target\classes started by omor azizul in C:\Users\omor azizul\Desktop\Advanced Java\Hello_Spring_Boot_7_12_26)
2026-07-18T16:15:48.330+06:00  INFO 23132 --- [Hello_Spring_Boot_7_12_26] [restartedMain] c.s.h.HelloSpringBootApplication         : No active profile set, falling back to 1 default profile: "default"
2026-07-18T16:15:48.458+06:00  INFO 23132 --- [Hello_Spring_Boot_7_12_26] [restartedMain] o.s.boot.tomcat.TomcatWebServer          : Tomcat initialized with port 8080 (http)
2026-07-18T16:15:48.459+06:00  INFO 23132 --- [Hello_Spring_Boot_7_12_26] [restartedMain] o.apache.catalina.core.StandardService   : Starting service [Tomcat]
2026-07-18T16:15:48.459+06:00  INFO 23132 --- [Hello_Spring_Boot_7_12_26] [restartedMain] o.apache.catalina.core.StandardEngine    : Starting Servlet engine: [Apache Tomcat/11.0.22]
2026-07-18T16:15:48.478+06:00  INFO 23132 --- [Hello_Spring_Boot_7_12_26] [restartedMain] b.w.c.s.WebApplicationContextInitializer : Root WebApplicationContext: initialization completed in 145 ms
2026-07-18T16:15:48.504+06:00  INFO 23132 --- [Hello_Spring_Boot_7_12_26] [restartedMain] o.s.b.w.a.WelcomePageHandlerMapping      : Adding welcome page: class path resource [static/index.html]
2026-07-18T16:15:48.568+06:00  INFO 23132 --- [Hello_Spring_Boot_7_12_26] [restartedMain] o.s.boot.tomcat.TomcatWebServer          : Tomcat started on port 8080 (http) with context path '/'
2026-07-18T16:15:48.571+06:00  INFO 23132 --- [Hello_Spring_Boot_7_12_26] [restartedMain] c.s.h.HelloSpringBootApplication         : Started HelloSpringBootApplication in 0.262 seconds (process running for 26.474)
2026-07-18T16:15:48.572+06:00  INFO 23132 --- [Hello_Spring_Boot_7_12_26] [restartedMain] .ConditionEvaluationDeltaLoggingListener : Condition evaluation unchanged
2026-07-18T16:17:57.119+06:00  INFO 23132 --- [Hello_Spring_Boot_7_12_26] [http-nio-0.0.0.0-8080-exec-1] o.a.c.c.C.[Tomcat].[localhost].[/]       : Initializing Spring DispatcherServlet 'dispatcherServlet'
2026-07-18T16:17:57.119+06:00  INFO 23132 --- [Hello_Spring_Boot_7_12_26] [http-nio-0.0.0.0-8080-exec-1] o.s.web.servlet.DispatcherServlet        : Initializing Servlet 'dispatcherServlet'
2026-07-18T16:17:57.134+06:00  INFO 23132 --- [Hello_Spring_Boot_7_12_26] [http-nio-0.0.0.0-8080-exec-1] o.s.web.servlet.DispatcherServlet        : Completed initialization in 15 ms
2026-07-18T16:18:41.898+06:00  INFO 23132 --- [Hello_Spring_Boot_7_12_26] [http-nio-0.0.0.0-8080-exec-6] c.s.h.IndexController                    : Contact Form Submitted Contact(name=fafffaf, email=fafa@fa, password=fa, confirmPassword=fa)
2026-07-18T16:19:17.585+06:00  INFO 23132 --- [Hello_Spring_Boot_7_12_26] [SpringApplicationShutdownHook] o.s.boot.tomcat.GracefulShutdown         : Commencing graceful shutdown. Waiting for active requests to complete
2026-07-18T16:19:17.590+06:00  INFO 23132 --- [Hello_Spring_Boot_7_12_26] [tomcat-shutdown] o.s.boot.tomcat.GracefulShutdown         : Graceful shutdown complete
